<?xml version="1.0" encoding="ISO-8859-1" ?>
<link_info>
   <banner>TI ARM Linker PC v18.1.4.LTS</banner>
   <copyright>Copyright (c) 1996-2018 Texas Instruments Incorporated</copyright>
   <link_time>0x5cba635f</link_time>
   <link_errors>0x0</link_errors>
   <output_file>EVMS_WS.out</output_file>
   <entry_point>
      <name>_c_int00</name>
      <address>0x49a0</address>
   </entry_point>
   <input_file_list>
      <input_file id="fl-2">
         <path>.\source\</path>
         <kind>object</kind>
         <file>can.obj</file>
         <name>can.obj</name>
      </input_file>
      <input_file id="fl-3">
         <path>.\source\</path>
         <kind>object</kind>
         <file>dabort.obj</file>
         <name>dabort.obj</name>
      </input_file>
      <input_file id="fl-4">
         <path>.\source\</path>
         <kind>object</kind>
         <file>errata_SSWF021_45.obj</file>
         <name>errata_SSWF021_45.obj</name>
      </input_file>
      <input_file id="fl-5">
         <path>.\source\</path>
         <kind>object</kind>
         <file>esm.obj</file>
         <name>esm.obj</name>
      </input_file>
      <input_file id="fl-6">
         <path>.\source\</path>
         <kind>object</kind>
         <file>gio.obj</file>
         <name>gio.obj</name>
      </input_file>
      <input_file id="fl-7">
         <path>.\source\</path>
         <kind>object</kind>
         <file>mibspi.obj</file>
         <name>mibspi.obj</name>
      </input_file>
      <input_file id="fl-8">
         <path>.\source\</path>
         <kind>object</kind>
         <file>notification.obj</file>
         <name>notification.obj</name>
      </input_file>
      <input_file id="fl-9">
         <path>.\source\</path>
         <kind>object</kind>
         <file>pinmux.obj</file>
         <name>pinmux.obj</name>
      </input_file>
      <input_file id="fl-a">
         <path>.\source\</path>
         <kind>object</kind>
         <file>sci.obj</file>
         <name>sci.obj</name>
      </input_file>
      <input_file id="fl-b">
         <path>.\source\</path>
         <kind>object</kind>
         <file>spi.obj</file>
         <name>spi.obj</name>
      </input_file>
      <input_file id="fl-c">
         <path>.\source\</path>
         <kind>object</kind>
         <file>state.obj</file>
         <name>state.obj</name>
      </input_file>
      <input_file id="fl-d">
         <path>.\source\</path>
         <kind>object</kind>
         <file>sys_core.obj</file>
         <name>sys_core.obj</name>
      </input_file>
      <input_file id="fl-e">
         <path>.\source\</path>
         <kind>object</kind>
         <file>sys_intvecs.obj</file>
         <name>sys_intvecs.obj</name>
      </input_file>
      <input_file id="fl-f">
         <path>.\source\</path>
         <kind>object</kind>
         <file>sys_main.obj</file>
         <name>sys_main.obj</name>
      </input_file>
      <input_file id="fl-10">
         <path>.\source\</path>
         <kind>object</kind>
         <file>sys_mpu.obj</file>
         <name>sys_mpu.obj</name>
      </input_file>
      <input_file id="fl-11">
         <path>.\source\</path>
         <kind>object</kind>
         <file>sys_pcr.obj</file>
         <name>sys_pcr.obj</name>
      </input_file>
      <input_file id="fl-12">
         <path>.\source\</path>
         <kind>object</kind>
         <file>sys_phantom.obj</file>
         <name>sys_phantom.obj</name>
      </input_file>
      <input_file id="fl-13">
         <path>.\source\</path>
         <kind>object</kind>
         <file>sys_pmu.obj</file>
         <name>sys_pmu.obj</name>
      </input_file>
      <input_file id="fl-14">
         <path>.\source\</path>
         <kind>object</kind>
         <file>sys_selftest.obj</file>
         <name>sys_selftest.obj</name>
      </input_file>
      <input_file id="fl-15">
         <path>.\source\</path>
         <kind>object</kind>
         <file>sys_startup.obj</file>
         <name>sys_startup.obj</name>
      </input_file>
      <input_file id="fl-16">
         <path>.\source\</path>
         <kind>object</kind>
         <file>sys_vim.obj</file>
         <name>sys_vim.obj</name>
      </input_file>
      <input_file id="fl-17">
         <path>.\source\</path>
         <kind>object</kind>
         <file>system.obj</file>
         <name>system.obj</name>
      </input_file>
      <input_file id="fl-1b">
         <kind>object</kind>
         <file>&lt;internal&gt;</file>
         <name>&lt;internal&gt;</name>
      </input_file>
      <input_file id="fl-d1">
         <path>C:\ti\ccsv8\tools\compiler\ti-cgt-arm_18.1.4.LTS\lib\</path>
         <kind>archive</kind>
         <file>rtsv7R4_A_le_eabi.lib</file>
         <name>s_floor.c.obj</name>
      </input_file>
      <input_file id="fl-d2">
         <path>C:\ti\ccsv8\tools\compiler\ti-cgt-arm_18.1.4.LTS\lib\</path>
         <kind>archive</kind>
         <file>rtsv7R4_A_le_eabi.lib</file>
         <name>fd_add32.asm.obj</name>
      </input_file>
      <input_file id="fl-d3">
         <path>C:\ti\ccsv8\tools\compiler\ti-cgt-arm_18.1.4.LTS\lib\</path>
         <kind>archive</kind>
         <file>rtsv7R4_A_le_eabi.lib</file>
         <name>fd_cmp32.asm.obj</name>
      </input_file>
      <input_file id="fl-d4">
         <path>C:\ti\ccsv8\tools\compiler\ti-cgt-arm_18.1.4.LTS\lib\</path>
         <kind>archive</kind>
         <file>rtsv7R4_A_le_eabi.lib</file>
         <name>fd_div32.asm.obj</name>
      </input_file>
      <input_file id="fl-d5">
         <path>C:\ti\ccsv8\tools\compiler\ti-cgt-arm_18.1.4.LTS\lib\</path>
         <kind>archive</kind>
         <file>rtsv7R4_A_le_eabi.lib</file>
         <name>fd_tou32.asm.obj</name>
      </input_file>
      <input_file id="fl-d6">
         <path>C:\ti\ccsv8\tools\compiler\ti-cgt-arm_18.1.4.LTS\lib\</path>
         <kind>archive</kind>
         <file>rtsv7R4_A_le_eabi.lib</file>
         <name>u_tofd32.asm.obj</name>
      </input_file>
      <input_file id="fl-d7">
         <path>C:\ti\ccsv8\tools\compiler\ti-cgt-arm_18.1.4.LTS\lib\</path>
         <kind>archive</kind>
         <file>rtsv7R4_A_le_eabi.lib</file>
         <name>autoinit.c.obj</name>
      </input_file>
      <input_file id="fl-d8">
         <path>C:\ti\ccsv8\tools\compiler\ti-cgt-arm_18.1.4.LTS\lib\</path>
         <kind>archive</kind>
         <file>rtsv7R4_A_le_eabi.lib</file>
         <name>cpy_tbl.c.obj</name>
      </input_file>
      <input_file id="fl-d9">
         <path>C:\ti\ccsv8\tools\compiler\ti-cgt-arm_18.1.4.LTS\lib\</path>
         <kind>archive</kind>
         <file>rtsv7R4_A_le_eabi.lib</file>
         <name>copy_zero_init.c.obj</name>
      </input_file>
      <input_file id="fl-da">
         <path>C:\ti\ccsv8\tools\compiler\ti-cgt-arm_18.1.4.LTS\lib\</path>
         <kind>archive</kind>
         <file>rtsv7R4_A_le_eabi.lib</file>
         <name>copy_decompress_none.c.obj</name>
      </input_file>
      <input_file id="fl-db">
         <path>C:\ti\ccsv8\tools\compiler\ti-cgt-arm_18.1.4.LTS\lib\</path>
         <kind>archive</kind>
         <file>rtsv7R4_A_le_eabi.lib</file>
         <name>copy_decompress_lzss.c.obj</name>
      </input_file>
      <input_file id="fl-dc">
         <path>C:\ti\ccsv8\tools\compiler\ti-cgt-arm_18.1.4.LTS\lib\</path>
         <kind>archive</kind>
         <file>rtsv7R4_A_le_eabi.lib</file>
         <name>exit.c.obj</name>
      </input_file>
      <input_file id="fl-dd">
         <path>C:\ti\ccsv8\tools\compiler\ti-cgt-arm_18.1.4.LTS\lib\</path>
         <kind>archive</kind>
         <file>rtsv7R4_A_le_eabi.lib</file>
         <name>_lock.c.obj</name>
      </input_file>
      <input_file id="fl-de">
         <path>C:\ti\ccsv8\tools\compiler\ti-cgt-arm_18.1.4.LTS\lib\</path>
         <kind>archive</kind>
         <file>rtsv7R4_A_le_eabi.lib</file>
         <name>memcpy32.asm.obj</name>
      </input_file>
      <input_file id="fl-df">
         <path>C:\ti\ccsv8\tools\compiler\ti-cgt-arm_18.1.4.LTS\lib\</path>
         <kind>archive</kind>
         <file>rtsv7R4_A_le_eabi.lib</file>
         <name>memset32.asm.obj</name>
      </input_file>
   </input_file_list>
   <object_component_list>
      <object_component id="oc-28">
         <name>.intvecs</name>
         <load_address>0x0</load_address>
         <run_address>0x0</run_address>
         <size>0x20</size>
         <input_file_ref idref="fl-e"/>
      </object_component>
      <object_component id="oc-79">
         <name>.text</name>
         <load_address>0x20</load_address>
         <run_address>0x20</run_address>
         <size>0x24f0</size>
         <input_file_ref idref="fl-14"/>
      </object_component>
      <object_component id="oc-73">
         <name>.text</name>
         <load_address>0x2510</load_address>
         <run_address>0x2510</run_address>
         <size>0xaa0</size>
         <input_file_ref idref="fl-17"/>
      </object_component>
      <object_component id="oc-34">
         <name>.text</name>
         <load_address>0x2fb0</load_address>
         <run_address>0x2fb0</run_address>
         <size>0x898</size>
         <input_file_ref idref="fl-16"/>
      </object_component>
      <object_component id="oc-67">
         <name>.text</name>
         <load_address>0x3848</load_address>
         <run_address>0x3848</run_address>
         <size>0x664</size>
         <input_file_ref idref="fl-4"/>
      </object_component>
      <object_component id="oc-7f">
         <name>.text</name>
         <load_address>0x3eac</load_address>
         <run_address>0x3eac</run_address>
         <size>0x5bc</size>
         <input_file_ref idref="fl-5"/>
      </object_component>
      <object_component id="oc-62">
         <name>.text</name>
         <load_address>0x4468</load_address>
         <run_address>0x4468</run_address>
         <size>0x2d0</size>
         <input_file_ref idref="fl-d"/>
      </object_component>
      <object_component id="oc-33">
         <name>.text:retain</name>
         <load_address>0x4738</load_address>
         <run_address>0x4738</run_address>
         <size>0x268</size>
         <input_file_ref idref="fl-16"/>
      </object_component>
      <object_component id="oc-19">
         <name>.text:retain</name>
         <load_address>0x49a0</load_address>
         <run_address>0x49a0</run_address>
         <size>0x21c</size>
         <input_file_ref idref="fl-15"/>
      </object_component>
      <object_component id="oc-4a">
         <name>.text</name>
         <load_address>0x4bbc</load_address>
         <run_address>0x4bbc</run_address>
         <size>0x180</size>
         <input_file_ref idref="fl-de"/>
      </object_component>
      <object_component id="oc-d8">
         <name>.text</name>
         <load_address>0x4d3c</load_address>
         <run_address>0x4d3c</run_address>
         <size>0x150</size>
         <input_file_ref idref="fl-9"/>
      </object_component>
      <object_component id="oc-8e">
         <name>.text</name>
         <load_address>0x4e8c</load_address>
         <run_address>0x4e8c</run_address>
         <size>0x108</size>
         <input_file_ref idref="fl-8"/>
      </object_component>
      <object_component id="oc-11e">
         <name>.text</name>
         <load_address>0x4f94</load_address>
         <run_address>0x4f94</run_address>
         <size>0x108</size>
         <input_file_ref idref="fl-c"/>
      </object_component>
      <object_component id="oc-1f">
         <name>.text:retain</name>
         <load_address>0x509c</load_address>
         <run_address>0x509c</run_address>
         <size>0xec</size>
         <input_file_ref idref="fl-5"/>
      </object_component>
      <object_component id="oc-9d">
         <name>.text</name>
         <load_address>0x5188</load_address>
         <run_address>0x5188</run_address>
         <size>0xe8</size>
         <input_file_ref idref="fl-3"/>
      </object_component>
      <object_component id="oc-e0">
         <name>.text</name>
         <load_address>0x5270</load_address>
         <run_address>0x5270</run_address>
         <size>0xe0</size>
         <input_file_ref idref="fl-13"/>
      </object_component>
      <object_component id="oc-c">
         <name>.text:decompress:lzss:__TI_decompress_lzss</name>
         <load_address>0x5350</load_address>
         <run_address>0x5350</run_address>
         <size>0x90</size>
         <input_file_ref idref="fl-db"/>
      </object_component>
      <object_component id="oc-ee">
         <name>.text:__TI_auto_init_nobinit_nopinit:__TI_auto_init_nobinit_nopinit</name>
         <load_address>0x53e0</load_address>
         <run_address>0x53e0</run_address>
         <size>0x68</size>
         <input_file_ref idref="fl-d7"/>
      </object_component>
      <object_component id="oc-56">
         <name>.text:decompress:ZI:__TI_zero_init_nomemset:__TI_zero_init_nomemset</name>
         <load_address>0x5448</load_address>
         <run_address>0x5448</run_address>
         <size>0x20</size>
         <input_file_ref idref="fl-d9"/>
      </object_component>
      <object_component id="oc-12">
         <name>.text:decompress:none:__TI_decompress_none</name>
         <load_address>0x5468</load_address>
         <run_address>0x5468</run_address>
         <size>0x14</size>
         <input_file_ref idref="fl-da"/>
      </object_component>
      <object_component id="oc-86">
         <name>.text</name>
         <load_address>0x547c</load_address>
         <run_address>0x547c</run_address>
         <size>0xc</size>
         <input_file_ref idref="fl-f"/>
      </object_component>
      <object_component id="oc-125">
         <name>.text:abort:abort</name>
         <load_address>0x5488</load_address>
         <run_address>0x5488</run_address>
         <size>0x8</size>
         <input_file_ref idref="fl-dc"/>
      </object_component>
      <object_component id="oc-2d">
         <name>.text:retain</name>
         <load_address>0x5490</load_address>
         <run_address>0x5490</run_address>
         <size>0x4</size>
         <input_file_ref idref="fl-12"/>
      </object_component>
      <object_component id="oc-6d">
         <name>.text</name>
         <load_address>0x5494</load_address>
         <run_address>0x5494</run_address>
         <size>0x4</size>
         <input_file_ref idref="fl-15"/>
      </object_component>
      <object_component id="oc-25">
         <name>.const:s_vim_init</name>
         <load_address>0x5498</load_address>
         <run_address>0x5498</run_address>
         <size>0x180</size>
         <input_file_ref idref="fl-16"/>
      </object_component>
      <object_component id="oc-26d">
         <name>__TI_handler_table</name>
         <load_address>0x5618</load_address>
         <run_address>0x5618</run_address>
         <size>0xc</size>
      </object_component>
      <object_component id="oc-26f">
         <name>.cinit..bss.load</name>
         <load_address>0x5628</load_address>
         <run_address>0x5628</run_address>
         <size>0x8</size>
      </object_component>
      <object_component id="oc-270">
         <name>.cinit..data.load</name>
         <load_address>0x5630</load_address>
         <run_address>0x5630</run_address>
         <size>0x6</size>
      </object_component>
      <object_component id="oc-26e">
         <name>__TI_cinit_table</name>
         <load_address>0x5638</load_address>
         <run_address>0x5638</run_address>
         <size>0x10</size>
      </object_component>
      <object_component id="oc-1cb">
         <name>.bss</name>
         <uninitialized>true</uninitialized>
         <run_address>0x8001500</run_address>
         <size>0x2</size>
         <input_file_ref idref="fl-c"/>
      </object_component>
      <object_component id="oc-1c8">
         <name>.data</name>
         <load_address>0x8001502</load_address>
         <run_address>0x8001502</run_address>
         <size>0x2</size>
         <input_file_ref idref="fl-c"/>
      </object_component>
      <object_component id="oc-163">
         <name>.debug_info</name>
         <load_address>0x0</load_address>
         <run_address>0x0</run_address>
         <size>0x1a2</size>
         <input_file_ref idref="fl-2"/>
      </object_component>
      <object_component id="oc-13a">
         <name>.debug_info</name>
         <load_address>0x1a2</load_address>
         <run_address>0x1a2</run_address>
         <size>0x26b</size>
         <input_file_ref idref="fl-2"/>
      </object_component>
      <object_component id="oc-95">
         <name>.debug_info</name>
         <load_address>0x40d</load_address>
         <run_address>0x40d</run_address>
         <size>0x157</size>
         <input_file_ref idref="fl-2"/>
      </object_component>
      <object_component id="oc-aa">
         <name>.debug_info</name>
         <load_address>0x564</load_address>
         <run_address>0x564</run_address>
         <size>0x8b</size>
         <input_file_ref idref="fl-2"/>
      </object_component>
      <object_component id="oc-a5">
         <name>.debug_info</name>
         <load_address>0x5ef</load_address>
         <run_address>0x5ef</run_address>
         <size>0x18c</size>
         <input_file_ref idref="fl-2"/>
      </object_component>
      <object_component id="oc-1e5">
         <name>.debug_info</name>
         <load_address>0x77b</load_address>
         <run_address>0x77b</run_address>
         <size>0x297</size>
         <input_file_ref idref="fl-2"/>
      </object_component>
      <object_component id="oc-133">
         <name>.debug_info</name>
         <load_address>0xa12</load_address>
         <run_address>0xa12</run_address>
         <size>0xbb</size>
         <input_file_ref idref="fl-2"/>
      </object_component>
      <object_component id="oc-af">
         <name>.debug_info</name>
         <load_address>0xacd</load_address>
         <run_address>0xacd</run_address>
         <size>0x86</size>
         <input_file_ref idref="fl-2"/>
      </object_component>
      <object_component id="oc-187">
         <name>.debug_info</name>
         <load_address>0xb53</load_address>
         <run_address>0xb53</run_address>
         <size>0x437</size>
         <input_file_ref idref="fl-2"/>
      </object_component>
      <object_component id="oc-1ed">
         <name>.debug_info</name>
         <load_address>0xf8a</load_address>
         <run_address>0xf8a</run_address>
         <size>0x15f</size>
         <input_file_ref idref="fl-2"/>
      </object_component>
      <object_component id="oc-158">
         <name>.debug_info</name>
         <load_address>0x10e9</load_address>
         <run_address>0x10e9</run_address>
         <size>0x2cf</size>
         <input_file_ref idref="fl-2"/>
      </object_component>
      <object_component id="oc-a0">
         <name>.debug_info</name>
         <load_address>0x13b8</load_address>
         <run_address>0x13b8</run_address>
         <size>0xe2</size>
         <input_file_ref idref="fl-3"/>
      </object_component>
      <object_component id="oc-173">
         <name>.debug_info</name>
         <load_address>0x149a</load_address>
         <run_address>0x149a</run_address>
         <size>0x170</size>
         <input_file_ref idref="fl-4"/>
      </object_component>
      <object_component id="oc-68">
         <name>.debug_info</name>
         <load_address>0x160a</load_address>
         <run_address>0x160a</run_address>
         <size>0x61f</size>
         <input_file_ref idref="fl-4"/>
      </object_component>
      <object_component id="oc-45">
         <name>.debug_info</name>
         <load_address>0x1c29</load_address>
         <run_address>0x1c29</run_address>
         <size>0x84</size>
         <input_file_ref idref="fl-4"/>
      </object_component>
      <object_component id="oc-d2">
         <name>.debug_info</name>
         <load_address>0x1cad</load_address>
         <run_address>0x1cad</run_address>
         <size>0x9e7</size>
         <input_file_ref idref="fl-4"/>
      </object_component>
      <object_component id="oc-ed">
         <name>.debug_info</name>
         <load_address>0x2694</load_address>
         <run_address>0x2694</run_address>
         <size>0x1c8</size>
         <input_file_ref idref="fl-5"/>
      </object_component>
      <object_component id="oc-80">
         <name>.debug_info</name>
         <load_address>0x285c</load_address>
         <run_address>0x285c</run_address>
         <size>0xb0b</size>
         <input_file_ref idref="fl-5"/>
      </object_component>
      <object_component id="oc-20">
         <name>.debug_info</name>
         <load_address>0x3367</load_address>
         <run_address>0x3367</run_address>
         <size>0x16b</size>
         <input_file_ref idref="fl-5"/>
      </object_component>
      <object_component id="oc-13f">
         <name>.debug_info</name>
         <load_address>0x34d2</load_address>
         <run_address>0x34d2</run_address>
         <size>0x1de</size>
         <input_file_ref idref="fl-5"/>
      </object_component>
      <object_component id="oc-e8">
         <name>.debug_info</name>
         <load_address>0x36b0</load_address>
         <run_address>0x36b0</run_address>
         <size>0x129</size>
         <input_file_ref idref="fl-5"/>
      </object_component>
      <object_component id="oc-1ea">
         <name>.debug_info</name>
         <load_address>0x37d9</load_address>
         <run_address>0x37d9</run_address>
         <size>0x14b</size>
         <input_file_ref idref="fl-6"/>
      </object_component>
      <object_component id="oc-149">
         <name>.debug_info</name>
         <load_address>0x3924</load_address>
         <run_address>0x3924</run_address>
         <size>0x1f9</size>
         <input_file_ref idref="fl-6"/>
      </object_component>
      <object_component id="oc-229">
         <name>.debug_info</name>
         <load_address>0x3b1d</load_address>
         <run_address>0x3b1d</run_address>
         <size>0xda</size>
         <input_file_ref idref="fl-6"/>
      </object_component>
      <object_component id="oc-1fb">
         <name>.debug_info</name>
         <load_address>0x3bf7</load_address>
         <run_address>0x3bf7</run_address>
         <size>0x1ac</size>
         <input_file_ref idref="fl-7"/>
      </object_component>
      <object_component id="oc-17d">
         <name>.debug_info</name>
         <load_address>0x3da3</load_address>
         <run_address>0x3da3</run_address>
         <size>0x4de</size>
         <input_file_ref idref="fl-7"/>
      </object_component>
      <object_component id="oc-230">
         <name>.debug_info</name>
         <load_address>0x4281</load_address>
         <run_address>0x4281</run_address>
         <size>0x44e</size>
         <input_file_ref idref="fl-7"/>
      </object_component>
      <object_component id="oc-132">
         <name>.debug_info</name>
         <load_address>0x46cf</load_address>
         <run_address>0x46cf</run_address>
         <size>0x31e</size>
         <input_file_ref idref="fl-8"/>
      </object_component>
      <object_component id="oc-90">
         <name>.debug_info</name>
         <load_address>0x49ed</load_address>
         <run_address>0x49ed</run_address>
         <size>0xba5</size>
         <input_file_ref idref="fl-8"/>
      </object_component>
      <object_component id="oc-178">
         <name>.debug_info</name>
         <load_address>0x5592</load_address>
         <run_address>0x5592</run_address>
         <size>0x791</size>
         <input_file_ref idref="fl-8"/>
      </object_component>
      <object_component id="oc-182">
         <name>.debug_info</name>
         <load_address>0x5d23</load_address>
         <run_address>0x5d23</run_address>
         <size>0x3ce</size>
         <input_file_ref idref="fl-8"/>
      </object_component>
      <object_component id="oc-16b">
         <name>.debug_info</name>
         <load_address>0x60f1</load_address>
         <run_address>0x60f1</run_address>
         <size>0x2c</size>
         <input_file_ref idref="fl-8"/>
      </object_component>
      <object_component id="oc-1b2">
         <name>.debug_info</name>
         <load_address>0x611d</load_address>
         <run_address>0x611d</run_address>
         <size>0x37b</size>
         <input_file_ref idref="fl-8"/>
      </object_component>
      <object_component id="oc-18c">
         <name>.debug_info</name>
         <load_address>0x6498</load_address>
         <run_address>0x6498</run_address>
         <size>0x1ca</size>
         <input_file_ref idref="fl-8"/>
      </object_component>
      <object_component id="oc-144">
         <name>.debug_info</name>
         <load_address>0x6662</load_address>
         <run_address>0x6662</run_address>
         <size>0x435</size>
         <input_file_ref idref="fl-8"/>
      </object_component>
      <object_component id="oc-1a5">
         <name>.debug_info</name>
         <load_address>0x6a97</load_address>
         <run_address>0x6a97</run_address>
         <size>0x510</size>
         <input_file_ref idref="fl-8"/>
      </object_component>
      <object_component id="oc-191">
         <name>.debug_info</name>
         <load_address>0x6fa7</load_address>
         <run_address>0x6fa7</run_address>
         <size>0x3d3</size>
         <input_file_ref idref="fl-8"/>
      </object_component>
      <object_component id="oc-19b">
         <name>.debug_info</name>
         <load_address>0x737a</load_address>
         <run_address>0x737a</run_address>
         <size>0x1de</size>
         <input_file_ref idref="fl-8"/>
      </object_component>
      <object_component id="oc-1db">
         <name>.debug_info</name>
         <load_address>0x7558</load_address>
         <run_address>0x7558</run_address>
         <size>0x243</size>
         <input_file_ref idref="fl-8"/>
      </object_component>
      <object_component id="oc-1e0">
         <name>.debug_info</name>
         <load_address>0x779b</load_address>
         <run_address>0x779b</run_address>
         <size>0x26c</size>
         <input_file_ref idref="fl-8"/>
      </object_component>
      <object_component id="oc-1aa">
         <name>.debug_info</name>
         <load_address>0x7a07</load_address>
         <run_address>0x7a07</run_address>
         <size>0x17a</size>
         <input_file_ref idref="fl-8"/>
      </object_component>
      <object_component id="oc-14e">
         <name>.debug_info</name>
         <load_address>0x7b81</load_address>
         <run_address>0x7b81</run_address>
         <size>0x642</size>
         <input_file_ref idref="fl-8"/>
      </object_component>
      <object_component id="oc-153">
         <name>.debug_info</name>
         <load_address>0x81c3</load_address>
         <run_address>0x81c3</run_address>
         <size>0x13e</size>
         <input_file_ref idref="fl-8"/>
      </object_component>
      <object_component id="oc-175">
         <name>.debug_info</name>
         <load_address>0x8301</load_address>
         <run_address>0x8301</run_address>
         <size>0x132</size>
         <input_file_ref idref="fl-9"/>
      </object_component>
      <object_component id="oc-d9">
         <name>.debug_info</name>
         <load_address>0x8433</load_address>
         <run_address>0x8433</run_address>
         <size>0x1c5</size>
         <input_file_ref idref="fl-9"/>
      </object_component>
      <object_component id="oc-196">
         <name>.debug_info</name>
         <load_address>0x85f8</load_address>
         <run_address>0x85f8</run_address>
         <size>0x1d8</size>
         <input_file_ref idref="fl-9"/>
      </object_component>
      <object_component id="oc-1f6">
         <name>.debug_info</name>
         <load_address>0x87d0</load_address>
         <run_address>0x87d0</run_address>
         <size>0xc6</size>
         <input_file_ref idref="fl-9"/>
      </object_component>
      <object_component id="oc-1c9">
         <name>.debug_info</name>
         <load_address>0x8896</load_address>
         <run_address>0x8896</run_address>
         <size>0xea</size>
         <input_file_ref idref="fl-c"/>
      </object_component>
      <object_component id="oc-1cc">
         <name>.debug_info</name>
         <load_address>0x8980</load_address>
         <run_address>0x8980</run_address>
         <size>0xea</size>
         <input_file_ref idref="fl-c"/>
      </object_component>
      <object_component id="oc-11f">
         <name>.debug_info</name>
         <load_address>0x8a6a</load_address>
         <run_address>0x8a6a</run_address>
         <size>0x41b</size>
         <input_file_ref idref="fl-c"/>
      </object_component>
      <object_component id="oc-212">
         <name>.debug_info</name>
         <load_address>0x8e85</load_address>
         <run_address>0x8e85</run_address>
         <size>0x95</size>
         <input_file_ref idref="fl-c"/>
      </object_component>
      <object_component id="oc-63">
         <name>.debug_info</name>
         <load_address>0x8f1a</load_address>
         <run_address>0x8f1a</run_address>
         <size>0x763</size>
         <input_file_ref idref="fl-d"/>
      </object_component>
      <object_component id="oc-2a">
         <name>.debug_info</name>
         <load_address>0x967d</load_address>
         <run_address>0x967d</run_address>
         <size>0xea</size>
         <input_file_ref idref="fl-e"/>
      </object_component>
      <object_component id="oc-87">
         <name>.debug_info</name>
         <load_address>0x9767</load_address>
         <run_address>0x9767</run_address>
         <size>0x10b</size>
         <input_file_ref idref="fl-f"/>
      </object_component>
      <object_component id="oc-1fc">
         <name>.debug_info</name>
         <load_address>0x9872</load_address>
         <run_address>0x9872</run_address>
         <size>0x151</size>
         <input_file_ref idref="fl-11"/>
      </object_component>
      <object_component id="oc-237">
         <name>.debug_info</name>
         <load_address>0x99c3</load_address>
         <run_address>0x99c3</run_address>
         <size>0x242</size>
         <input_file_ref idref="fl-11"/>
      </object_component>
      <object_component id="oc-1a0">
         <name>.debug_info</name>
         <load_address>0x9c05</load_address>
         <run_address>0x9c05</run_address>
         <size>0x2af</size>
         <input_file_ref idref="fl-11"/>
      </object_component>
      <object_component id="oc-2e">
         <name>.debug_info</name>
         <load_address>0x9eb4</load_address>
         <run_address>0x9eb4</run_address>
         <size>0x11c</size>
         <input_file_ref idref="fl-12"/>
      </object_component>
      <object_component id="oc-e2">
         <name>.debug_info</name>
         <load_address>0x9fd0</load_address>
         <run_address>0x9fd0</run_address>
         <size>0x349</size>
         <input_file_ref idref="fl-13"/>
      </object_component>
      <object_component id="oc-e6">
         <name>.debug_info</name>
         <load_address>0xa319</load_address>
         <run_address>0xa319</run_address>
         <size>0x513</size>
         <input_file_ref idref="fl-14"/>
      </object_component>
      <object_component id="oc-7a">
         <name>.debug_info</name>
         <load_address>0xa82c</load_address>
         <run_address>0xa82c</run_address>
         <size>0x27e1</size>
         <input_file_ref idref="fl-14"/>
      </object_component>
      <object_component id="oc-1a">
         <name>.debug_info</name>
         <load_address>0xd00d</load_address>
         <run_address>0xd00d</run_address>
         <size>0x503</size>
         <input_file_ref idref="fl-15"/>
      </object_component>
      <object_component id="oc-6e">
         <name>.debug_info</name>
         <load_address>0xd510</load_address>
         <run_address>0xd510</run_address>
         <size>0x115</size>
         <input_file_ref idref="fl-15"/>
      </object_component>
      <object_component id="oc-9c">
         <name>.debug_info</name>
         <load_address>0xd625</load_address>
         <run_address>0xd625</run_address>
         <size>0x2ef</size>
         <input_file_ref idref="fl-16"/>
      </object_component>
      <object_component id="oc-26">
         <name>.debug_info</name>
         <load_address>0xd914</load_address>
         <run_address>0xd914</run_address>
         <size>0xc4</size>
         <input_file_ref idref="fl-16"/>
      </object_component>
      <object_component id="oc-35">
         <name>.debug_info</name>
         <load_address>0xd9d8</load_address>
         <run_address>0xd9d8</run_address>
         <size>0x456</size>
         <input_file_ref idref="fl-16"/>
      </object_component>
      <object_component id="oc-3a">
         <name>.debug_info</name>
         <load_address>0xde2e</load_address>
         <run_address>0xde2e</run_address>
         <size>0x1df</size>
         <input_file_ref idref="fl-16"/>
      </object_component>
      <object_component id="oc-15d">
         <name>.debug_info</name>
         <load_address>0xe00d</load_address>
         <run_address>0xe00d</run_address>
         <size>0x4f</size>
         <input_file_ref idref="fl-16"/>
      </object_component>
      <object_component id="oc-df">
         <name>.debug_info</name>
         <load_address>0xe05c</load_address>
         <run_address>0xe05c</run_address>
         <size>0x3bf</size>
         <input_file_ref idref="fl-17"/>
      </object_component>
      <object_component id="oc-74">
         <name>.debug_info</name>
         <load_address>0xe41b</load_address>
         <run_address>0xe41b</run_address>
         <size>0x7b9</size>
         <input_file_ref idref="fl-17"/>
      </object_component>
      <object_component id="oc-1ba">
         <name>.debug_info</name>
         <load_address>0xebd4</load_address>
         <run_address>0xebd4</run_address>
         <size>0x3e9</size>
         <input_file_ref idref="fl-d7"/>
      </object_component>
      <object_component id="oc-ef">
         <name>.debug_info</name>
         <load_address>0xefbd</load_address>
         <run_address>0xefbd</run_address>
         <size>0x16b</size>
         <input_file_ref idref="fl-d7"/>
      </object_component>
      <object_component id="oc-1ff">
         <name>.debug_info</name>
         <load_address>0xf128</load_address>
         <run_address>0xf128</run_address>
         <size>0x39</size>
         <input_file_ref idref="fl-d7"/>
      </object_component>
      <object_component id="oc-23c">
         <name>.debug_info</name>
         <load_address>0xf161</load_address>
         <run_address>0xf161</run_address>
         <size>0x39</size>
         <input_file_ref idref="fl-d7"/>
      </object_component>
      <object_component id="oc-204">
         <name>.debug_info</name>
         <load_address>0xf19a</load_address>
         <run_address>0xf19a</run_address>
         <size>0x39</size>
         <input_file_ref idref="fl-d7"/>
      </object_component>
      <object_component id="oc-209">
         <name>.debug_info</name>
         <load_address>0xf1d3</load_address>
         <run_address>0xf1d3</run_address>
         <size>0xcd</size>
         <input_file_ref idref="fl-d7"/>
      </object_component>
      <object_component id="oc-c9">
         <name>.debug_info</name>
         <load_address>0xf2a0</load_address>
         <run_address>0xf2a0</run_address>
         <size>0x1b0</size>
         <input_file_ref idref="fl-d9"/>
      </object_component>
      <object_component id="oc-59">
         <name>.debug_info</name>
         <load_address>0xf450</load_address>
         <run_address>0xf450</run_address>
         <size>0x184</size>
         <input_file_ref idref="fl-d9"/>
      </object_component>
      <object_component id="oc-c4">
         <name>.debug_info</name>
         <load_address>0xf5d4</load_address>
         <run_address>0xf5d4</run_address>
         <size>0x46</size>
         <input_file_ref idref="fl-d9"/>
      </object_component>
      <object_component id="oc-55">
         <name>.debug_info</name>
         <load_address>0xf61a</load_address>
         <run_address>0xf61a</run_address>
         <size>0x13a</size>
         <input_file_ref idref="fl-da"/>
      </object_component>
      <object_component id="oc-13">
         <name>.debug_info</name>
         <load_address>0xf754</load_address>
         <run_address>0xf754</run_address>
         <size>0x19a</size>
         <input_file_ref idref="fl-da"/>
      </object_component>
      <object_component id="oc-50">
         <name>.debug_info</name>
         <load_address>0xf8ee</load_address>
         <run_address>0xf8ee</run_address>
         <size>0x46</size>
         <input_file_ref idref="fl-da"/>
      </object_component>
      <object_component id="oc-bc">
         <name>.debug_info</name>
         <load_address>0xf934</load_address>
         <run_address>0xf934</run_address>
         <size>0x2c</size>
         <input_file_ref idref="fl-da"/>
      </object_component>
      <object_component id="oc-ba">
         <name>.debug_info</name>
         <load_address>0xf960</load_address>
         <run_address>0xf960</run_address>
         <size>0x135</size>
         <input_file_ref idref="fl-db"/>
      </object_component>
      <object_component id="oc-f">
         <name>.debug_info</name>
         <load_address>0xfa95</load_address>
         <run_address>0xfa95</run_address>
         <size>0x215</size>
         <input_file_ref idref="fl-db"/>
      </object_component>
      <object_component id="oc-40">
         <name>.debug_info</name>
         <load_address>0xfcaa</load_address>
         <run_address>0xfcaa</run_address>
         <size>0x60</size>
         <input_file_ref idref="fl-db"/>
      </object_component>
      <object_component id="oc-164">
         <name>.debug_info</name>
         <load_address>0xfd0a</load_address>
         <run_address>0xfd0a</run_address>
         <size>0x46</size>
         <input_file_ref idref="fl-db"/>
      </object_component>
      <object_component id="oc-b5">
         <name>.debug_info</name>
         <load_address>0xfd50</load_address>
         <run_address>0xfd50</run_address>
         <size>0x39</size>
         <input_file_ref idref="fl-db"/>
      </object_component>
      <object_component id="oc-126">
         <name>.debug_info</name>
         <load_address>0xfd89</load_address>
         <run_address>0xfd89</run_address>
         <size>0xe7</size>
         <input_file_ref idref="fl-dc"/>
      </object_component>
      <object_component id="oc-4b">
         <name>.debug_info</name>
         <load_address>0xfe70</load_address>
         <run_address>0xfe70</run_address>
         <size>0x14c</size>
         <input_file_ref idref="fl-de"/>
      </object_component>
      <object_component id="oc-271">
         <name>.debug_info</name>
         <load_address>0xffbc</load_address>
         <run_address>0xffbc</run_address>
         <size>0x89</size>
      </object_component>
      <object_component id="oc-1ec">
         <name>.debug_line</name>
         <load_address>0x0</load_address>
         <run_address>0x0</run_address>
         <size>0x20</size>
         <input_file_ref idref="fl-2"/>
      </object_component>
      <object_component id="oc-13d">
         <name>.debug_line</name>
         <load_address>0x20</load_address>
         <run_address>0x20</run_address>
         <size>0x69</size>
         <input_file_ref idref="fl-2"/>
      </object_component>
      <object_component id="oc-98">
         <name>.debug_line</name>
         <load_address>0x89</load_address>
         <run_address>0x89</run_address>
         <size>0x4f</size>
         <input_file_ref idref="fl-2"/>
      </object_component>
      <object_component id="oc-ad">
         <name>.debug_line</name>
         <load_address>0xd8</load_address>
         <run_address>0xd8</run_address>
         <size>0x20</size>
         <input_file_ref idref="fl-2"/>
      </object_component>
      <object_component id="oc-a8">
         <name>.debug_line</name>
         <load_address>0xf8</load_address>
         <run_address>0xf8</run_address>
         <size>0x4a</size>
         <input_file_ref idref="fl-2"/>
      </object_component>
      <object_component id="oc-1e8">
         <name>.debug_line</name>
         <load_address>0x142</load_address>
         <run_address>0x142</run_address>
         <size>0x6d</size>
         <input_file_ref idref="fl-2"/>
      </object_component>
      <object_component id="oc-136">
         <name>.debug_line</name>
         <load_address>0x1af</load_address>
         <run_address>0x1af</run_address>
         <size>0x6a</size>
         <input_file_ref idref="fl-2"/>
      </object_component>
      <object_component id="oc-b2">
         <name>.debug_line</name>
         <load_address>0x219</load_address>
         <run_address>0x219</run_address>
         <size>0x4d</size>
         <input_file_ref idref="fl-2"/>
      </object_component>
      <object_component id="oc-18a">
         <name>.debug_line</name>
         <load_address>0x266</load_address>
         <run_address>0x266</run_address>
         <size>0x4a</size>
         <input_file_ref idref="fl-2"/>
      </object_component>
      <object_component id="oc-1f0">
         <name>.debug_line</name>
         <load_address>0x2b0</load_address>
         <run_address>0x2b0</run_address>
         <size>0x46</size>
         <input_file_ref idref="fl-2"/>
      </object_component>
      <object_component id="oc-15b">
         <name>.debug_line</name>
         <load_address>0x2f6</load_address>
         <run_address>0x2f6</run_address>
         <size>0x4a</size>
         <input_file_ref idref="fl-2"/>
      </object_component>
      <object_component id="oc-9f">
         <name>.debug_line</name>
         <load_address>0x340</load_address>
         <run_address>0x340</run_address>
         <size>0x78</size>
         <input_file_ref idref="fl-3"/>
      </object_component>
      <object_component id="oc-1f3">
         <name>.debug_line</name>
         <load_address>0x3b8</load_address>
         <run_address>0x3b8</run_address>
         <size>0x20</size>
         <input_file_ref idref="fl-4"/>
      </object_component>
      <object_component id="oc-6b">
         <name>.debug_line</name>
         <load_address>0x3d8</load_address>
         <run_address>0x3d8</run_address>
         <size>0x1fb</size>
         <input_file_ref idref="fl-4"/>
      </object_component>
      <object_component id="oc-48">
         <name>.debug_line</name>
         <load_address>0x5d3</load_address>
         <run_address>0x5d3</run_address>
         <size>0x20</size>
         <input_file_ref idref="fl-4"/>
      </object_component>
      <object_component id="oc-d5">
         <name>.debug_line</name>
         <load_address>0x5f3</load_address>
         <run_address>0x5f3</run_address>
         <size>0x59</size>
         <input_file_ref idref="fl-4"/>
      </object_component>
      <object_component id="oc-1b8">
         <name>.debug_line</name>
         <load_address>0x64c</load_address>
         <run_address>0x64c</run_address>
         <size>0x46</size>
         <input_file_ref idref="fl-5"/>
      </object_component>
      <object_component id="oc-84">
         <name>.debug_line</name>
         <load_address>0x692</load_address>
         <run_address>0x692</run_address>
         <size>0x289</size>
         <input_file_ref idref="fl-5"/>
      </object_component>
      <object_component id="oc-23">
         <name>.debug_line</name>
         <load_address>0x91b</load_address>
         <run_address>0x91b</run_address>
         <size>0x6e</size>
         <input_file_ref idref="fl-5"/>
      </object_component>
      <object_component id="oc-142">
         <name>.debug_line</name>
         <load_address>0x989</load_address>
         <run_address>0x989</run_address>
         <size>0x4a</size>
         <input_file_ref idref="fl-5"/>
      </object_component>
      <object_component id="oc-eb">
         <name>.debug_line</name>
         <load_address>0x9d3</load_address>
         <run_address>0x9d3</run_address>
         <size>0x46</size>
         <input_file_ref idref="fl-5"/>
      </object_component>
      <object_component id="oc-228">
         <name>.debug_line</name>
         <load_address>0xa19</load_address>
         <run_address>0xa19</run_address>
         <size>0x20</size>
         <input_file_ref idref="fl-6"/>
      </object_component>
      <object_component id="oc-14c">
         <name>.debug_line</name>
         <load_address>0xa39</load_address>
         <run_address>0xa39</run_address>
         <size>0x4a</size>
         <input_file_ref idref="fl-6"/>
      </object_component>
      <object_component id="oc-22c">
         <name>.debug_line</name>
         <load_address>0xa83</load_address>
         <run_address>0xa83</run_address>
         <size>0x46</size>
         <input_file_ref idref="fl-6"/>
      </object_component>
      <object_component id="oc-22f">
         <name>.debug_line</name>
         <load_address>0xac9</load_address>
         <run_address>0xac9</run_address>
         <size>0x20</size>
         <input_file_ref idref="fl-7"/>
      </object_component>
      <object_component id="oc-180">
         <name>.debug_line</name>
         <load_address>0xae9</load_address>
         <run_address>0xae9</run_address>
         <size>0x4d</size>
         <input_file_ref idref="fl-7"/>
      </object_component>
      <object_component id="oc-233">
         <name>.debug_line</name>
         <load_address>0xb36</load_address>
         <run_address>0xb36</run_address>
         <size>0x49</size>
         <input_file_ref idref="fl-7"/>
      </object_component>
      <object_component id="oc-1da">
         <name>.debug_line</name>
         <load_address>0xb7f</load_address>
         <run_address>0xb7f</run_address>
         <size>0x20</size>
         <input_file_ref idref="fl-8"/>
      </object_component>
      <object_component id="oc-93">
         <name>.debug_line</name>
         <load_address>0xb9f</load_address>
         <run_address>0xb9f</run_address>
         <size>0x156</size>
         <input_file_ref idref="fl-8"/>
      </object_component>
      <object_component id="oc-17b">
         <name>.debug_line</name>
         <load_address>0xcf5</load_address>
         <run_address>0xcf5</run_address>
         <size>0x4a</size>
         <input_file_ref idref="fl-8"/>
      </object_component>
      <object_component id="oc-185">
         <name>.debug_line</name>
         <load_address>0xd3f</load_address>
         <run_address>0xd3f</run_address>
         <size>0x4a</size>
         <input_file_ref idref="fl-8"/>
      </object_component>
      <object_component id="oc-16e">
         <name>.debug_line</name>
         <load_address>0xd89</load_address>
         <run_address>0xd89</run_address>
         <size>0x65</size>
         <input_file_ref idref="fl-8"/>
      </object_component>
      <object_component id="oc-1b5">
         <name>.debug_line</name>
         <load_address>0xdee</load_address>
         <run_address>0xdee</run_address>
         <size>0x4f</size>
         <input_file_ref idref="fl-8"/>
      </object_component>
      <object_component id="oc-18f">
         <name>.debug_line</name>
         <load_address>0xe3d</load_address>
         <run_address>0xe3d</run_address>
         <size>0x4a</size>
         <input_file_ref idref="fl-8"/>
      </object_component>
      <object_component id="oc-147">
         <name>.debug_line</name>
         <load_address>0xe87</load_address>
         <run_address>0xe87</run_address>
         <size>0x4c</size>
         <input_file_ref idref="fl-8"/>
      </object_component>
      <object_component id="oc-1a8">
         <name>.debug_line</name>
         <load_address>0xed3</load_address>
         <run_address>0xed3</run_address>
         <size>0x49</size>
         <input_file_ref idref="fl-8"/>
      </object_component>
      <object_component id="oc-194">
         <name>.debug_line</name>
         <load_address>0xf1c</load_address>
         <run_address>0xf1c</run_address>
         <size>0x4a</size>
         <input_file_ref idref="fl-8"/>
      </object_component>
      <object_component id="oc-19e">
         <name>.debug_line</name>
         <load_address>0xf66</load_address>
         <run_address>0xf66</run_address>
         <size>0x4c</size>
         <input_file_ref idref="fl-8"/>
      </object_component>
      <object_component id="oc-1de">
         <name>.debug_line</name>
         <load_address>0xfb2</load_address>
         <run_address>0xfb2</run_address>
         <size>0x4a</size>
         <input_file_ref idref="fl-8"/>
      </object_component>
      <object_component id="oc-1e3">
         <name>.debug_line</name>
         <load_address>0xffc</load_address>
         <run_address>0xffc</run_address>
         <size>0x4a</size>
         <input_file_ref idref="fl-8"/>
      </object_component>
      <object_component id="oc-1ad">
         <name>.debug_line</name>
         <load_address>0x1046</load_address>
         <run_address>0x1046</run_address>
         <size>0x4a</size>
         <input_file_ref idref="fl-8"/>
      </object_component>
      <object_component id="oc-151">
         <name>.debug_line</name>
         <load_address>0x1090</load_address>
         <run_address>0x1090</run_address>
         <size>0x4d</size>
         <input_file_ref idref="fl-8"/>
      </object_component>
      <object_component id="oc-156">
         <name>.debug_line</name>
         <load_address>0x10dd</load_address>
         <run_address>0x10dd</run_address>
         <size>0x4c</size>
         <input_file_ref idref="fl-8"/>
      </object_component>
      <object_component id="oc-1f5">
         <name>.debug_line</name>
         <load_address>0x1129</load_address>
         <run_address>0x1129</run_address>
         <size>0x20</size>
         <input_file_ref idref="fl-9"/>
      </object_component>
      <object_component id="oc-dd">
         <name>.debug_line</name>
         <load_address>0x1149</load_address>
         <run_address>0x1149</run_address>
         <size>0x81</size>
         <input_file_ref idref="fl-9"/>
      </object_component>
      <object_component id="oc-199">
         <name>.debug_line</name>
         <load_address>0x11ca</load_address>
         <run_address>0x11ca</run_address>
         <size>0x4d</size>
         <input_file_ref idref="fl-9"/>
      </object_component>
      <object_component id="oc-1f9">
         <name>.debug_line</name>
         <load_address>0x1217</load_address>
         <run_address>0x1217</run_address>
         <size>0x49</size>
         <input_file_ref idref="fl-9"/>
      </object_component>
      <object_component id="oc-211">
         <name>.debug_line</name>
         <load_address>0x1260</load_address>
         <run_address>0x1260</run_address>
         <size>0x35</size>
         <input_file_ref idref="fl-c"/>
      </object_component>
      <object_component id="oc-218">
         <name>.debug_line</name>
         <load_address>0x1295</load_address>
         <run_address>0x1295</run_address>
         <size>0x35</size>
         <input_file_ref idref="fl-c"/>
      </object_component>
      <object_component id="oc-123">
         <name>.debug_line</name>
         <load_address>0x12ca</load_address>
         <run_address>0x12ca</run_address>
         <size>0x138</size>
         <input_file_ref idref="fl-c"/>
      </object_component>
      <object_component id="oc-215">
         <name>.debug_line</name>
         <load_address>0x1402</load_address>
         <run_address>0x1402</run_address>
         <size>0x47</size>
         <input_file_ref idref="fl-c"/>
      </object_component>
      <object_component id="oc-66">
         <name>.debug_line</name>
         <load_address>0x1449</load_address>
         <run_address>0x1449</run_address>
         <size>0x2a5</size>
         <input_file_ref idref="fl-d"/>
      </object_component>
      <object_component id="oc-2c">
         <name>.debug_line</name>
         <load_address>0x16ee</load_address>
         <run_address>0x16ee</run_address>
         <size>0x4f</size>
         <input_file_ref idref="fl-e"/>
      </object_component>
      <object_component id="oc-8b">
         <name>.debug_line</name>
         <load_address>0x173d</load_address>
         <run_address>0x173d</run_address>
         <size>0x50</size>
         <input_file_ref idref="fl-f"/>
      </object_component>
      <object_component id="oc-236">
         <name>.debug_line</name>
         <load_address>0x178d</load_address>
         <run_address>0x178d</run_address>
         <size>0x20</size>
         <input_file_ref idref="fl-11"/>
      </object_component>
      <object_component id="oc-23a">
         <name>.debug_line</name>
         <load_address>0x17ad</load_address>
         <run_address>0x17ad</run_address>
         <size>0x4a</size>
         <input_file_ref idref="fl-11"/>
      </object_component>
      <object_component id="oc-1a3">
         <name>.debug_line</name>
         <load_address>0x17f7</load_address>
         <run_address>0x17f7</run_address>
         <size>0x4a</size>
         <input_file_ref idref="fl-11"/>
      </object_component>
      <object_component id="oc-31">
         <name>.debug_line</name>
         <load_address>0x1841</load_address>
         <run_address>0x1841</run_address>
         <size>0x4b</size>
         <input_file_ref idref="fl-12"/>
      </object_component>
      <object_component id="oc-e1">
         <name>.debug_line</name>
         <load_address>0x188c</load_address>
         <run_address>0x188c</run_address>
         <size>0x125</size>
         <input_file_ref idref="fl-13"/>
      </object_component>
      <object_component id="oc-1b1">
         <name>.debug_line</name>
         <load_address>0x19b1</load_address>
         <run_address>0x19b1</run_address>
         <size>0xa4</size>
         <input_file_ref idref="fl-14"/>
      </object_component>
      <object_component id="oc-7d">
         <name>.debug_line</name>
         <load_address>0x1a55</load_address>
         <run_address>0x1a55</run_address>
         <size>0xed2</size>
         <input_file_ref idref="fl-14"/>
      </object_component>
      <object_component id="oc-1d">
         <name>.debug_line</name>
         <load_address>0x2927</load_address>
         <run_address>0x2927</run_address>
         <size>0xed</size>
         <input_file_ref idref="fl-15"/>
      </object_component>
      <object_component id="oc-71">
         <name>.debug_line</name>
         <load_address>0x2a14</load_address>
         <run_address>0x2a14</run_address>
         <size>0x50</size>
         <input_file_ref idref="fl-15"/>
      </object_component>
      <object_component id="oc-139">
         <name>.debug_line</name>
         <load_address>0x2a64</load_address>
         <run_address>0x2a64</run_address>
         <size>0x70</size>
         <input_file_ref idref="fl-16"/>
      </object_component>
      <object_component id="oc-9b">
         <name>.debug_line</name>
         <load_address>0x2ad4</load_address>
         <run_address>0x2ad4</run_address>
         <size>0x37</size>
         <input_file_ref idref="fl-16"/>
      </object_component>
      <object_component id="oc-38">
         <name>.debug_line</name>
         <load_address>0x2b0b</load_address>
         <run_address>0x2b0b</run_address>
         <size>0x197</size>
         <input_file_ref idref="fl-16"/>
      </object_component>
      <object_component id="oc-3e">
         <name>.debug_line</name>
         <load_address>0x2ca2</load_address>
         <run_address>0x2ca2</run_address>
         <size>0xa6</size>
         <input_file_ref idref="fl-16"/>
      </object_component>
      <object_component id="oc-160">
         <name>.debug_line</name>
         <load_address>0x2d48</load_address>
         <run_address>0x2d48</run_address>
         <size>0x37</size>
         <input_file_ref idref="fl-16"/>
      </object_component>
      <object_component id="oc-177">
         <name>.debug_line</name>
         <load_address>0x2d7f</load_address>
         <run_address>0x2d7f</run_address>
         <size>0xa3</size>
         <input_file_ref idref="fl-17"/>
      </object_component>
      <object_component id="oc-77">
         <name>.debug_line</name>
         <load_address>0x2e22</load_address>
         <run_address>0x2e22</run_address>
         <size>0x249</size>
         <input_file_ref idref="fl-17"/>
      </object_component>
      <object_component id="oc-1fe">
         <name>.debug_line</name>
         <load_address>0x306b</load_address>
         <run_address>0x306b</run_address>
         <size>0x89</size>
         <input_file_ref idref="fl-d7"/>
      </object_component>
      <object_component id="oc-f3">
         <name>.debug_line</name>
         <load_address>0x30f4</load_address>
         <run_address>0x30f4</run_address>
         <size>0x7c</size>
         <input_file_ref idref="fl-d7"/>
      </object_component>
      <object_component id="oc-202">
         <name>.debug_line</name>
         <load_address>0x3170</load_address>
         <run_address>0x3170</run_address>
         <size>0x2e</size>
         <input_file_ref idref="fl-d7"/>
      </object_component>
      <object_component id="oc-23f">
         <name>.debug_line</name>
         <load_address>0x319e</load_address>
         <run_address>0x319e</run_address>
         <size>0x64</size>
         <input_file_ref idref="fl-d7"/>
      </object_component>
      <object_component id="oc-207">
         <name>.debug_line</name>
         <load_address>0x3202</load_address>
         <run_address>0x3202</run_address>
         <size>0x61</size>
         <input_file_ref idref="fl-d7"/>
      </object_component>
      <object_component id="oc-20c">
         <name>.debug_line</name>
         <load_address>0x3263</load_address>
         <run_address>0x3263</run_address>
         <size>0x5d</size>
         <input_file_ref idref="fl-d7"/>
      </object_component>
      <object_component id="oc-171">
         <name>.debug_line</name>
         <load_address>0x32c0</load_address>
         <run_address>0x32c0</run_address>
         <size>0x70</size>
         <input_file_ref idref="fl-d9"/>
      </object_component>
      <object_component id="oc-57">
         <name>.debug_line</name>
         <load_address>0x3330</load_address>
         <run_address>0x3330</run_address>
         <size>0x4f</size>
         <input_file_ref idref="fl-d9"/>
      </object_component>
      <object_component id="oc-c7">
         <name>.debug_line</name>
         <load_address>0x337f</load_address>
         <run_address>0x337f</run_address>
         <size>0x34</size>
         <input_file_ref idref="fl-d9"/>
      </object_component>
      <object_component id="oc-c2">
         <name>.debug_line</name>
         <load_address>0x33b3</load_address>
         <run_address>0x33b3</run_address>
         <size>0x20</size>
         <input_file_ref idref="fl-da"/>
      </object_component>
      <object_component id="oc-16">
         <name>.debug_line</name>
         <load_address>0x33d3</load_address>
         <run_address>0x33d3</run_address>
         <size>0x55</size>
         <input_file_ref idref="fl-da"/>
      </object_component>
      <object_component id="oc-53">
         <name>.debug_line</name>
         <load_address>0x3428</load_address>
         <run_address>0x3428</run_address>
         <size>0x3a</size>
         <input_file_ref idref="fl-da"/>
      </object_component>
      <object_component id="oc-bf">
         <name>.debug_line</name>
         <load_address>0x3462</load_address>
         <run_address>0x3462</run_address>
         <size>0x5c</size>
         <input_file_ref idref="fl-da"/>
      </object_component>
      <object_component id="oc-16a">
         <name>.debug_line</name>
         <load_address>0x34be</load_address>
         <run_address>0x34be</run_address>
         <size>0x20</size>
         <input_file_ref idref="fl-db"/>
      </object_component>
      <object_component id="oc-d">
         <name>.debug_line</name>
         <load_address>0x34de</load_address>
         <run_address>0x34de</run_address>
         <size>0xb2</size>
         <input_file_ref idref="fl-db"/>
      </object_component>
      <object_component id="oc-43">
         <name>.debug_line</name>
         <load_address>0x3590</load_address>
         <run_address>0x3590</run_address>
         <size>0x3a</size>
         <input_file_ref idref="fl-db"/>
      </object_component>
      <object_component id="oc-167">
         <name>.debug_line</name>
         <load_address>0x35ca</load_address>
         <run_address>0x35ca</run_address>
         <size>0x64</size>
         <input_file_ref idref="fl-db"/>
      </object_component>
      <object_component id="oc-b8">
         <name>.debug_line</name>
         <load_address>0x362e</load_address>
         <run_address>0x362e</run_address>
         <size>0x60</size>
         <input_file_ref idref="fl-db"/>
      </object_component>
      <object_component id="oc-129">
         <name>.debug_line</name>
         <load_address>0x368e</load_address>
         <run_address>0x368e</run_address>
         <size>0x3c</size>
         <input_file_ref idref="fl-dc"/>
      </object_component>
      <object_component id="oc-4e">
         <name>.debug_line</name>
         <load_address>0x36ca</load_address>
         <run_address>0x36ca</run_address>
         <size>0x9a</size>
         <input_file_ref idref="fl-de"/>
      </object_component>
      <object_component id="oc-1eb">
         <name>.debug_abbrev</name>
         <load_address>0x0</load_address>
         <run_address>0x0</run_address>
         <size>0x60</size>
         <input_file_ref idref="fl-2"/>
      </object_component>
      <object_component id="oc-13c">
         <name>.debug_abbrev</name>
         <load_address>0x60</load_address>
         <run_address>0x60</run_address>
         <size>0x69</size>
         <input_file_ref idref="fl-2"/>
      </object_component>
      <object_component id="oc-97">
         <name>.debug_abbrev</name>
         <load_address>0xc9</load_address>
         <run_address>0xc9</run_address>
         <size>0x5a</size>
         <input_file_ref idref="fl-2"/>
      </object_component>
      <object_component id="oc-ac">
         <name>.debug_abbrev</name>
         <load_address>0x123</load_address>
         <run_address>0x123</run_address>
         <size>0x1f</size>
         <input_file_ref idref="fl-2"/>
      </object_component>
      <object_component id="oc-a7">
         <name>.debug_abbrev</name>
         <load_address>0x142</load_address>
         <run_address>0x142</run_address>
         <size>0x7c</size>
         <input_file_ref idref="fl-2"/>
      </object_component>
      <object_component id="oc-1e7">
         <name>.debug_abbrev</name>
         <load_address>0x1be</load_address>
         <run_address>0x1be</run_address>
         <size>0x5c</size>
         <input_file_ref idref="fl-2"/>
      </object_component>
      <object_component id="oc-135">
         <name>.debug_abbrev</name>
         <load_address>0x21a</load_address>
         <run_address>0x21a</run_address>
         <size>0x24</size>
         <input_file_ref idref="fl-2"/>
      </object_component>
      <object_component id="oc-b1">
         <name>.debug_abbrev</name>
         <load_address>0x23e</load_address>
         <run_address>0x23e</run_address>
         <size>0x55</size>
         <input_file_ref idref="fl-2"/>
      </object_component>
      <object_component id="oc-189">
         <name>.debug_abbrev</name>
         <load_address>0x293</load_address>
         <run_address>0x293</run_address>
         <size>0x4b</size>
         <input_file_ref idref="fl-2"/>
      </object_component>
      <object_component id="oc-1ef">
         <name>.debug_abbrev</name>
         <load_address>0x2de</load_address>
         <run_address>0x2de</run_address>
         <size>0x7a</size>
         <input_file_ref idref="fl-2"/>
      </object_component>
      <object_component id="oc-15a">
         <name>.debug_abbrev</name>
         <load_address>0x358</load_address>
         <run_address>0x358</run_address>
         <size>0x4b</size>
         <input_file_ref idref="fl-2"/>
      </object_component>
      <object_component id="oc-162">
         <name>.debug_abbrev</name>
         <load_address>0x3a3</load_address>
         <run_address>0x3a3</run_address>
         <size>0x36</size>
         <input_file_ref idref="fl-3"/>
      </object_component>
      <object_component id="oc-1f2">
         <name>.debug_abbrev</name>
         <load_address>0x3d9</load_address>
         <run_address>0x3d9</run_address>
         <size>0x39</size>
         <input_file_ref idref="fl-4"/>
      </object_component>
      <object_component id="oc-d1">
         <name>.debug_abbrev</name>
         <load_address>0x412</load_address>
         <run_address>0x412</run_address>
         <size>0xd8</size>
         <input_file_ref idref="fl-4"/>
      </object_component>
      <object_component id="oc-47">
         <name>.debug_abbrev</name>
         <load_address>0x4ea</load_address>
         <run_address>0x4ea</run_address>
         <size>0x1f</size>
         <input_file_ref idref="fl-4"/>
      </object_component>
      <object_component id="oc-d4">
         <name>.debug_abbrev</name>
         <load_address>0x509</load_address>
         <run_address>0x509</run_address>
         <size>0xa3</size>
         <input_file_ref idref="fl-4"/>
      </object_component>
      <object_component id="oc-1b7">
         <name>.debug_abbrev</name>
         <load_address>0x5ac</load_address>
         <run_address>0x5ac</run_address>
         <size>0x6f</size>
         <input_file_ref idref="fl-5"/>
      </object_component>
      <object_component id="oc-e7">
         <name>.debug_abbrev</name>
         <load_address>0x61b</load_address>
         <run_address>0x61b</run_address>
         <size>0xc8</size>
         <input_file_ref idref="fl-5"/>
      </object_component>
      <object_component id="oc-94">
         <name>.debug_abbrev</name>
         <load_address>0x6e3</load_address>
         <run_address>0x6e3</run_address>
         <size>0x6f</size>
         <input_file_ref idref="fl-5"/>
      </object_component>
      <object_component id="oc-141">
         <name>.debug_abbrev</name>
         <load_address>0x752</load_address>
         <run_address>0x752</run_address>
         <size>0x4b</size>
         <input_file_ref idref="fl-5"/>
      </object_component>
      <object_component id="oc-ea">
         <name>.debug_abbrev</name>
         <load_address>0x79d</load_address>
         <run_address>0x79d</run_address>
         <size>0x6b</size>
         <input_file_ref idref="fl-5"/>
      </object_component>
      <object_component id="oc-227">
         <name>.debug_abbrev</name>
         <load_address>0x808</load_address>
         <run_address>0x808</run_address>
         <size>0x52</size>
         <input_file_ref idref="fl-6"/>
      </object_component>
      <object_component id="oc-14b">
         <name>.debug_abbrev</name>
         <load_address>0x85a</load_address>
         <run_address>0x85a</run_address>
         <size>0x4b</size>
         <input_file_ref idref="fl-6"/>
      </object_component>
      <object_component id="oc-22b">
         <name>.debug_abbrev</name>
         <load_address>0x8a5</load_address>
         <run_address>0x8a5</run_address>
         <size>0x4b</size>
         <input_file_ref idref="fl-6"/>
      </object_component>
      <object_component id="oc-22e">
         <name>.debug_abbrev</name>
         <load_address>0x8f0</load_address>
         <run_address>0x8f0</run_address>
         <size>0x5f</size>
         <input_file_ref idref="fl-7"/>
      </object_component>
      <object_component id="oc-17f">
         <name>.debug_abbrev</name>
         <load_address>0x94f</load_address>
         <run_address>0x94f</run_address>
         <size>0x5a</size>
         <input_file_ref idref="fl-7"/>
      </object_component>
      <object_component id="oc-232">
         <name>.debug_abbrev</name>
         <load_address>0x9a9</load_address>
         <run_address>0x9a9</run_address>
         <size>0x6b</size>
         <input_file_ref idref="fl-7"/>
      </object_component>
      <object_component id="oc-1d9">
         <name>.debug_abbrev</name>
         <load_address>0xa14</load_address>
         <run_address>0xa14</run_address>
         <size>0x5f</size>
         <input_file_ref idref="fl-8"/>
      </object_component>
      <object_component id="oc-131">
         <name>.debug_abbrev</name>
         <load_address>0xa73</load_address>
         <run_address>0xa73</run_address>
         <size>0x6c</size>
         <input_file_ref idref="fl-8"/>
      </object_component>
      <object_component id="oc-17a">
         <name>.debug_abbrev</name>
         <load_address>0xadf</load_address>
         <run_address>0xadf</run_address>
         <size>0x7c</size>
         <input_file_ref idref="fl-8"/>
      </object_component>
      <object_component id="oc-184">
         <name>.debug_abbrev</name>
         <load_address>0xb5b</load_address>
         <run_address>0xb5b</run_address>
         <size>0x7f</size>
         <input_file_ref idref="fl-8"/>
      </object_component>
      <object_component id="oc-16d">
         <name>.debug_abbrev</name>
         <load_address>0xbda</load_address>
         <run_address>0xbda</run_address>
         <size>0x24</size>
         <input_file_ref idref="fl-8"/>
      </object_component>
      <object_component id="oc-1b4">
         <name>.debug_abbrev</name>
         <load_address>0xbfe</load_address>
         <run_address>0xbfe</run_address>
         <size>0xc1</size>
         <input_file_ref idref="fl-8"/>
      </object_component>
      <object_component id="oc-18e">
         <name>.debug_abbrev</name>
         <load_address>0xcbf</load_address>
         <run_address>0xcbf</run_address>
         <size>0x4b</size>
         <input_file_ref idref="fl-8"/>
      </object_component>
      <object_component id="oc-146">
         <name>.debug_abbrev</name>
         <load_address>0xd0a</load_address>
         <run_address>0xd0a</run_address>
         <size>0x4b</size>
         <input_file_ref idref="fl-8"/>
      </object_component>
      <object_component id="oc-1a7">
         <name>.debug_abbrev</name>
         <load_address>0xd55</load_address>
         <run_address>0xd55</run_address>
         <size>0xb2</size>
         <input_file_ref idref="fl-8"/>
      </object_component>
      <object_component id="oc-193">
         <name>.debug_abbrev</name>
         <load_address>0xe07</load_address>
         <run_address>0xe07</run_address>
         <size>0x5c</size>
         <input_file_ref idref="fl-8"/>
      </object_component>
      <object_component id="oc-19d">
         <name>.debug_abbrev</name>
         <load_address>0xe63</load_address>
         <run_address>0xe63</run_address>
         <size>0x4b</size>
         <input_file_ref idref="fl-8"/>
      </object_component>
      <object_component id="oc-1dd">
         <name>.debug_abbrev</name>
         <load_address>0xeae</load_address>
         <run_address>0xeae</run_address>
         <size>0x4b</size>
         <input_file_ref idref="fl-8"/>
      </object_component>
      <object_component id="oc-1e2">
         <name>.debug_abbrev</name>
         <load_address>0xef9</load_address>
         <run_address>0xef9</run_address>
         <size>0x4b</size>
         <input_file_ref idref="fl-8"/>
      </object_component>
      <object_component id="oc-1ac">
         <name>.debug_abbrev</name>
         <load_address>0xf44</load_address>
         <run_address>0xf44</run_address>
         <size>0x4b</size>
         <input_file_ref idref="fl-8"/>
      </object_component>
      <object_component id="oc-150">
         <name>.debug_abbrev</name>
         <load_address>0xf8f</load_address>
         <run_address>0xf8f</run_address>
         <size>0x5c</size>
         <input_file_ref idref="fl-8"/>
      </object_component>
      <object_component id="oc-155">
         <name>.debug_abbrev</name>
         <load_address>0xfeb</load_address>
         <run_address>0xfeb</run_address>
         <size>0x4b</size>
         <input_file_ref idref="fl-8"/>
      </object_component>
      <object_component id="oc-1f4">
         <name>.debug_abbrev</name>
         <load_address>0x1036</load_address>
         <run_address>0x1036</run_address>
         <size>0x2e</size>
         <input_file_ref idref="fl-9"/>
      </object_component>
      <object_component id="oc-174">
         <name>.debug_abbrev</name>
         <load_address>0x1064</load_address>
         <run_address>0x1064</run_address>
         <size>0x6c</size>
         <input_file_ref idref="fl-9"/>
      </object_component>
      <object_component id="oc-198">
         <name>.debug_abbrev</name>
         <load_address>0x10d0</load_address>
         <run_address>0x10d0</run_address>
         <size>0x4b</size>
         <input_file_ref idref="fl-9"/>
      </object_component>
      <object_component id="oc-1f8">
         <name>.debug_abbrev</name>
         <load_address>0x111b</load_address>
         <run_address>0x111b</run_address>
         <size>0x4b</size>
         <input_file_ref idref="fl-9"/>
      </object_component>
      <object_component id="oc-210">
         <name>.debug_abbrev</name>
         <load_address>0x1166</load_address>
         <run_address>0x1166</run_address>
         <size>0x27</size>
         <input_file_ref idref="fl-c"/>
      </object_component>
      <object_component id="oc-217">
         <name>.debug_abbrev</name>
         <load_address>0x118d</load_address>
         <run_address>0x118d</run_address>
         <size>0x27</size>
         <input_file_ref idref="fl-c"/>
      </object_component>
      <object_component id="oc-1ce">
         <name>.debug_abbrev</name>
         <load_address>0x11b4</load_address>
         <run_address>0x11b4</run_address>
         <size>0x5e</size>
         <input_file_ref idref="fl-c"/>
      </object_component>
      <object_component id="oc-214">
         <name>.debug_abbrev</name>
         <load_address>0x1212</load_address>
         <run_address>0x1212</run_address>
         <size>0x42</size>
         <input_file_ref idref="fl-c"/>
      </object_component>
      <object_component id="oc-d0">
         <name>.debug_abbrev</name>
         <load_address>0x1254</load_address>
         <run_address>0x1254</run_address>
         <size>0x44</size>
         <input_file_ref idref="fl-d"/>
      </object_component>
      <object_component id="oc-a2">
         <name>.debug_abbrev</name>
         <load_address>0x1298</load_address>
         <run_address>0x1298</run_address>
         <size>0x38</size>
         <input_file_ref idref="fl-e"/>
      </object_component>
      <object_component id="oc-124">
         <name>.debug_abbrev</name>
         <load_address>0x12d0</load_address>
         <run_address>0x12d0</run_address>
         <size>0x54</size>
         <input_file_ref idref="fl-f"/>
      </object_component>
      <object_component id="oc-235">
         <name>.debug_abbrev</name>
         <load_address>0x1324</load_address>
         <run_address>0x1324</run_address>
         <size>0x42</size>
         <input_file_ref idref="fl-11"/>
      </object_component>
      <object_component id="oc-239">
         <name>.debug_abbrev</name>
         <load_address>0x1366</load_address>
         <run_address>0x1366</run_address>
         <size>0x72</size>
         <input_file_ref idref="fl-11"/>
      </object_component>
      <object_component id="oc-1a2">
         <name>.debug_abbrev</name>
         <load_address>0x13d8</load_address>
         <run_address>0x13d8</run_address>
         <size>0x4b</size>
         <input_file_ref idref="fl-11"/>
      </object_component>
      <object_component id="oc-a3">
         <name>.debug_abbrev</name>
         <load_address>0x1423</load_address>
         <run_address>0x1423</run_address>
         <size>0x53</size>
         <input_file_ref idref="fl-12"/>
      </object_component>
      <object_component id="oc-1af">
         <name>.debug_abbrev</name>
         <load_address>0x1476</load_address>
         <run_address>0x1476</run_address>
         <size>0x36</size>
         <input_file_ref idref="fl-13"/>
      </object_component>
      <object_component id="oc-1b0">
         <name>.debug_abbrev</name>
         <load_address>0x14ac</load_address>
         <run_address>0x14ac</run_address>
         <size>0xa6</size>
         <input_file_ref idref="fl-14"/>
      </object_component>
      <object_component id="oc-e5">
         <name>.debug_abbrev</name>
         <load_address>0x1552</load_address>
         <run_address>0x1552</run_address>
         <size>0x101</size>
         <input_file_ref idref="fl-14"/>
      </object_component>
      <object_component id="oc-8d">
         <name>.debug_abbrev</name>
         <load_address>0x1653</load_address>
         <run_address>0x1653</run_address>
         <size>0x55</size>
         <input_file_ref idref="fl-15"/>
      </object_component>
      <object_component id="oc-d7">
         <name>.debug_abbrev</name>
         <load_address>0x16a8</load_address>
         <run_address>0x16a8</run_address>
         <size>0x42</size>
         <input_file_ref idref="fl-15"/>
      </object_component>
      <object_component id="oc-138">
         <name>.debug_abbrev</name>
         <load_address>0x16ea</load_address>
         <run_address>0x16ea</run_address>
         <size>0xa4</size>
         <input_file_ref idref="fl-16"/>
      </object_component>
      <object_component id="oc-9a">
         <name>.debug_abbrev</name>
         <load_address>0x178e</load_address>
         <run_address>0x178e</run_address>
         <size>0x27</size>
         <input_file_ref idref="fl-16"/>
      </object_component>
      <object_component id="oc-a4">
         <name>.debug_abbrev</name>
         <load_address>0x17b5</load_address>
         <run_address>0x17b5</run_address>
         <size>0xa4</size>
         <input_file_ref idref="fl-16"/>
      </object_component>
      <object_component id="oc-b4">
         <name>.debug_abbrev</name>
         <load_address>0x1859</load_address>
         <run_address>0x1859</run_address>
         <size>0x6f</size>
         <input_file_ref idref="fl-16"/>
      </object_component>
      <object_component id="oc-15f">
         <name>.debug_abbrev</name>
         <load_address>0x18c8</load_address>
         <run_address>0x18c8</run_address>
         <size>0x4b</size>
         <input_file_ref idref="fl-16"/>
      </object_component>
      <object_component id="oc-176">
         <name>.debug_abbrev</name>
         <load_address>0x1913</load_address>
         <run_address>0x1913</run_address>
         <size>0xa6</size>
         <input_file_ref idref="fl-17"/>
      </object_component>
      <object_component id="oc-de">
         <name>.debug_abbrev</name>
         <load_address>0x19b9</load_address>
         <run_address>0x19b9</run_address>
         <size>0xd4</size>
         <input_file_ref idref="fl-17"/>
      </object_component>
      <object_component id="oc-1fd">
         <name>.debug_abbrev</name>
         <load_address>0x1a8d</load_address>
         <run_address>0x1a8d</run_address>
         <size>0xdb</size>
         <input_file_ref idref="fl-d7"/>
      </object_component>
      <object_component id="oc-1b9">
         <name>.debug_abbrev</name>
         <load_address>0x1b68</load_address>
         <run_address>0x1b68</run_address>
         <size>0x7e</size>
         <input_file_ref idref="fl-d7"/>
      </object_component>
      <object_component id="oc-201">
         <name>.debug_abbrev</name>
         <load_address>0x1be6</load_address>
         <run_address>0x1be6</run_address>
         <size>0x24</size>
         <input_file_ref idref="fl-d7"/>
      </object_component>
      <object_component id="oc-23e">
         <name>.debug_abbrev</name>
[...]
      </symbol>
      <symbol id="sm-213">
         <name>prechargeAction</name>
         <value>0x5048</value>
         <object_component_ref idref="oc-11e"/>
      </symbol>
      <symbol id="sm-238">
         <name>_disable_IRQ_interrupt_</name>
         <value>0x4688</value>
         <object_component_ref idref="oc-62"/>
      </symbol>
      <symbol id="sm-239">
         <name>_disable_interrupt_</name>
         <value>0x4678</value>
         <object_component_ref idref="oc-62"/>
      </symbol>
      <symbol id="sm-23a">
         <name>_coreGetInstructionFaultAddress_</name>
         <value>0x463c</value>
         <object_component_ref idref="oc-62"/>
      </symbol>
      <symbol id="sm-23b">
         <name>_coreGetDataFault_</name>
         <value>0x4600</value>
         <object_component_ref idref="oc-62"/>
      </symbol>
      <symbol id="sm-23c">
         <name>_coreDisableEventBusExport_</name>
         <value>0x459c</value>
         <object_component_ref idref="oc-62"/>
      </symbol>
      <symbol id="sm-23d">
         <name>_coreClearDataFaultAddress_</name>
         <value>0x4630</value>
         <object_component_ref idref="oc-62"/>
      </symbol>
      <symbol id="sm-23e">
         <name>_coreDisableFlashEcc_</name>
         <value>0x45e0</value>
         <object_component_ref idref="oc-62"/>
      </symbol>
      <symbol id="sm-23f">
         <name>__TI_PINIT_Base</name>
         <value>0x4730</value>
         <object_component_ref idref="oc-62"/>
      </symbol>
      <symbol id="sm-240">
         <name>_coreInitRegisters_</name>
         <value>0x4468</value>
         <object_component_ref idref="oc-62"/>
      </symbol>
      <symbol id="sm-241">
         <name>_coreClearInstructionFaultAddress_</name>
         <value>0x4644</value>
         <object_component_ref idref="oc-62"/>
      </symbol>
      <symbol id="sm-242">
         <name>_errata_CORTEXR4_66_</name>
         <value>0x4720</value>
         <object_component_ref idref="oc-62"/>
      </symbol>
      <symbol id="sm-243">
         <name>_coreEnableRamEcc_</name>
         <value>0x45ac</value>
         <object_component_ref idref="oc-62"/>
      </symbol>
      <symbol id="sm-244">
         <name>_coreClearDataFault_</name>
         <value>0x4608</value>
         <object_component_ref idref="oc-62"/>
      </symbol>
      <symbol id="sm-245">
         <name>_coreGetAuxiliaryDataFault_</name>
         <value>0x4650</value>
         <object_component_ref idref="oc-62"/>
      </symbol>
      <symbol id="sm-246">
         <name>_enable_interrupt_</name>
         <value>0x4690</value>
         <object_component_ref idref="oc-62"/>
      </symbol>
      <symbol id="sm-247">
         <name>_coreClearAuxiliaryInstructionFault_</name>
         <value>0x466c</value>
         <object_component_ref idref="oc-62"/>
      </symbol>
      <symbol id="sm-248">
         <name>_coreDisableRamEcc_</name>
         <value>0x45bc</value>
         <object_component_ref idref="oc-62"/>
      </symbol>
      <symbol id="sm-249">
         <name>_coreGetDataFaultAddress_</name>
         <value>0x4628</value>
         <object_component_ref idref="oc-62"/>
      </symbol>
      <symbol id="sm-24a">
         <name>_coreClearInstructionFault_</name>
         <value>0x461c</value>
         <object_component_ref idref="oc-62"/>
      </symbol>
      <symbol id="sm-24b">
         <name>_getCPSRValue_</name>
         <value>0x456c</value>
         <object_component_ref idref="oc-62"/>
      </symbol>
      <symbol id="sm-24c">
         <name>__TI_PINIT_Limit</name>
         <value>0x4734</value>
         <object_component_ref idref="oc-62"/>
      </symbol>
      <symbol id="sm-24d">
         <name>_coreEnableFlashEcc_</name>
         <value>0x45cc</value>
         <object_component_ref idref="oc-62"/>
      </symbol>
      <symbol id="sm-24e">
         <name>_disable_FIQ_interrupt_</name>
         <value>0x4680</value>
         <object_component_ref idref="oc-62"/>
      </symbol>
      <symbol id="sm-24f">
         <name>_coreGetAuxiliaryInstructionFault_</name>
         <value>0x4664</value>
         <object_component_ref idref="oc-62"/>
      </symbol>
      <symbol id="sm-250">
         <name>_coreInitStackPointer_</name>
         <value>0x4520</value>
         <object_component_ref idref="oc-62"/>
      </symbol>
      <symbol id="sm-251">
         <name>_esmCcmErrorsClear_</name>
         <value>0x4698</value>
         <object_component_ref idref="oc-62"/>
      </symbol>
      <symbol id="sm-252">
         <name>_gotoCPUIdle_</name>
         <value>0x4574</value>
         <object_component_ref idref="oc-62"/>
      </symbol>
      <symbol id="sm-253">
         <name>_coreEnableIrqVicOffset_</name>
         <value>0x45f0</value>
         <object_component_ref idref="oc-62"/>
      </symbol>
      <symbol id="sm-254">
         <name>_coreGetInstructionFault_</name>
         <value>0x4614</value>
         <object_component_ref idref="oc-62"/>
      </symbol>
      <symbol id="sm-255">
         <name>_coreClearAuxiliaryDataFault_</name>
         <value>0x4658</value>
         <object_component_ref idref="oc-62"/>
      </symbol>
      <symbol id="sm-256">
         <name>_coreEnableEventBusExport_</name>
         <value>0x458c</value>
         <object_component_ref idref="oc-62"/>
      </symbol>
      <symbol id="sm-262">
         <name>resetEntry</name>
         <value>0x0</value>
         <object_component_ref idref="oc-28"/>
      </symbol>
      <symbol id="sm-26d">
         <name>main</name>
         <value>0x547c</value>
         <object_component_ref idref="oc-86"/>
      </symbol>
      <symbol id="sm-286">
         <name>phantomInterrupt</name>
         <value>0x5490</value>
         <object_component_ref idref="oc-2d"/>
      </symbol>
      <symbol id="sm-28f">
         <name>_pmuResetCounters_</name>
         <value>0x52fc</value>
         <object_component_ref idref="oc-e0"/>
      </symbol>
      <symbol id="sm-290">
         <name>_pmuGetEventCount_</name>
         <value>0x5330</value>
         <object_component_ref idref="oc-e0"/>
      </symbol>
      <symbol id="sm-291">
         <name>_pmuResetEventCounters_</name>
         <value>0x52ec</value>
         <object_component_ref idref="oc-e0"/>
      </symbol>
      <symbol id="sm-292">
         <name>_pmuStopCounters_</name>
         <value>0x5314</value>
         <object_component_ref idref="oc-e0"/>
      </symbol>
      <symbol id="sm-293">
         <name>_pmuInit_</name>
         <value>0x5270</value>
         <object_component_ref idref="oc-e0"/>
      </symbol>
      <symbol id="sm-294">
         <name>_pmuGetOverflow_</name>
         <value>0x533c</value>
         <object_component_ref idref="oc-e0"/>
      </symbol>
      <symbol id="sm-295">
         <name>_pmuResetCycleCounter_</name>
         <value>0x52dc</value>
         <object_component_ref idref="oc-e0"/>
      </symbol>
      <symbol id="sm-296">
         <name>_pmuSetCountEvent_</name>
         <value>0x531c</value>
         <object_component_ref idref="oc-e0"/>
      </symbol>
      <symbol id="sm-297">
         <name>_pmuGetCycleCount_</name>
         <value>0x5328</value>
         <object_component_ref idref="oc-e0"/>
      </symbol>
      <symbol id="sm-298">
         <name>_pmuEnableCountersGlobal_</name>
         <value>0x52bc</value>
         <object_component_ref idref="oc-e0"/>
      </symbol>
      <symbol id="sm-299">
         <name>_pmuDisableCountersGlobal_</name>
         <value>0x52cc</value>
         <object_component_ref idref="oc-e0"/>
      </symbol>
      <symbol id="sm-29a">
         <name>_pmuStartCounters_</name>
         <value>0x530c</value>
         <object_component_ref idref="oc-e0"/>
      </symbol>
      <symbol id="sm-3fe">
         <name>pbistSelfCheck</name>
         <value>0x2cc</value>
         <object_component_ref idref="oc-79"/>
      </symbol>
      <symbol id="sm-3ff">
         <name>fmcBus1ParityCheck</name>
         <value>0x1c00</value>
         <object_component_ref idref="oc-79"/>
      </symbol>
      <symbol id="sm-400">
         <name>can1ParityCheck</name>
         <value>0x10bc</value>
         <object_component_ref idref="oc-79"/>
      </symbol>
      <symbol id="sm-401">
         <name>enableParity</name>
         <value>0x23d0</value>
         <object_component_ref idref="oc-79"/>
      </symbol>
      <symbol id="sm-402">
         <name>custom_dabort</name>
         <value>0xdf4</value>
         <object_component_ref idref="oc-79"/>
      </symbol>
      <symbol id="sm-403">
         <name>memoryInit</name>
         <value>0x174</value>
         <object_component_ref idref="oc-79"/>
      </symbol>
      <symbol id="sm-404">
         <name>stcSelfCheck</name>
         <value>0x1b8</value>
         <object_component_ref idref="oc-79"/>
      </symbol>
      <symbol id="sm-405">
         <name>efcGetConfigValue</name>
         <value>0x1f98</value>
         <object_component_ref idref="oc-79"/>
      </symbol>
      <symbol id="sm-406">
         <name>can2ParityCheck</name>
         <value>0x1198</value>
         <object_component_ref idref="oc-79"/>
      </symbol>
      <symbol id="sm-407">
         <name>het1ParityCheck</name>
         <value>0xeac</value>
         <object_component_ref idref="oc-79"/>
      </symbol>
      <symbol id="sm-408">
         <name>adc1ParityCheck</name>
         <value>0x1004</value>
         <object_component_ref idref="oc-79"/>
      </symbol>
      <symbol id="sm-409">
         <name>checkefcSelfTest</name>
         <value>0x7bc</value>
         <object_component_ref idref="oc-79"/>
      </symbol>
      <symbol id="sm-40a">
         <name>checkRAMECC</name>
         <value>0x13bc</value>
         <object_component_ref idref="oc-79"/>
      </symbol>
      <symbol id="sm-40b">
         <name>stcSelfCheckFail</name>
         <value>0xdf8</value>
         <object_component_ref idref="oc-79"/>
      </symbol>
      <symbol id="sm-40c">
         <name>ccmSelfCheck</name>
         <value>0x30</value>
         <object_component_ref idref="oc-79"/>
      </symbol>
      <symbol id="sm-40d">
         <name>efcCheck</name>
         <value>0x660</value>
         <object_component_ref idref="oc-79"/>
      </symbol>
      <symbol id="sm-40e">
         <name>cpuSelfTest</name>
         <value>0x234</value>
         <object_component_ref idref="oc-79"/>
      </symbol>
      <symbol id="sm-40f">
         <name>htu1ParityCheck</name>
         <value>0xf4c</value>
         <object_component_ref idref="oc-79"/>
      </symbol>
      <symbol id="sm-410">
         <name>checkFlashECC</name>
         <value>0xd18</value>
         <object_component_ref idref="oc-79"/>
      </symbol>
      <symbol id="sm-411">
         <name>cpuSelfTestFail</name>
         <value>0xdfc</value>
         <object_component_ref idref="oc-79"/>
      </symbol>
      <symbol id="sm-412">
         <name>checkPLL1Slip</name>
         <value>0x1880</value>
         <object_component_ref idref="oc-79"/>
      </symbol>
      <symbol id="sm-413">
         <name>mibspi1ParityCheck</name>
         <value>0x1260</value>
         <object_component_ref idref="oc-79"/>
      </symbol>
      <symbol id="sm-414">
         <name>ccmr4GetConfigValue</name>
         <value>0x2034</value>
         <object_component_ref idref="oc-79"/>
      </symbol>
      <symbol id="sm-415">
         <name>pbistPortTestStatus</name>
         <value>0x608</value>
         <object_component_ref idref="oc-79"/>
      </symbol>
      <symbol id="sm-416">
         <name>checkFlashEEPROMECC</name>
         <value>0x16d8</value>
         <object_component_ref idref="oc-79"/>
      </symbol>
      <symbol id="sm-417">
         <name>pbistGetConfigValue</name>
         <value>0x1db0</value>
         <object_component_ref idref="oc-79"/>
      </symbol>
      <symbol id="sm-418">
         <name>vimParityCheck</name>
         <value>0xe00</value>
         <object_component_ref idref="oc-79"/>
      </symbol>
      <symbol id="sm-419">
         <name>pbistIsTestCompleted</name>
         <value>0x5a8</value>
         <object_component_ref idref="oc-79"/>
      </symbol>
      <symbol id="sm-41a">
         <name>disableParity</name>
         <value>0x2424</value>
         <object_component_ref idref="oc-79"/>
      </symbol>
      <symbol id="sm-41b">
         <name>pbistRun</name>
         <value>0x4ac</value>
         <object_component_ref idref="oc-79"/>
      </symbol>
      <symbol id="sm-41c">
         <name>pbistFail</name>
         <value>0x1d2c</value>
         <object_component_ref idref="oc-79"/>
      </symbol>
      <symbol id="sm-41d">
         <name>selftestFailNotification</name>
         <value>0x20</value>
         <object_component_ref idref="oc-79"/>
      </symbol>
      <symbol id="sm-41e">
         <name>errata_PBIST_4</name>
         <value>0x20b0</value>
         <object_component_ref idref="oc-79"/>
      </symbol>
      <symbol id="sm-41f">
         <name>efcSelfTest</name>
         <value>0x794</value>
         <object_component_ref idref="oc-79"/>
      </symbol>
      <symbol id="sm-420">
         <name>checkB1RAMECC</name>
         <value>0xb28</value>
         <object_component_ref idref="oc-79"/>
      </symbol>
      <symbol id="sm-421">
         <name>pbistStop</name>
         <value>0x578</value>
         <object_component_ref idref="oc-79"/>
      </symbol>
      <symbol id="sm-422">
         <name>checkRAMAddrParity</name>
         <value>0x199c</value>
         <object_component_ref idref="oc-79"/>
      </symbol>
      <symbol id="sm-423">
         <name>checkB0RAMECC</name>
         <value>0x938</value>
         <object_component_ref idref="oc-79"/>
      </symbol>
      <symbol id="sm-424">
         <name>stcGetConfigValue</name>
         <value>0x1ef8</value>
         <object_component_ref idref="oc-79"/>
      </symbol>
      <symbol id="sm-425">
         <name>pbistIsTestPassed</name>
         <value>0x5d4</value>
         <object_component_ref idref="oc-79"/>
      </symbol>
      <symbol id="sm-426">
         <name>checkClockMonitor</name>
         <value>0x1604</value>
         <object_component_ref idref="oc-79"/>
      </symbol>
      <symbol id="sm-427">
         <name>fmcECCcheck</name>
         <value>0x898</value>
         <object_component_ref idref="oc-79"/>
      </symbol>
      <symbol id="sm-428">
         <name>fmcBus2Check</name>
         <value>0x85c</value>
         <object_component_ref idref="oc-79"/>
      </symbol>
      <symbol id="sm-429">
         <name>checkRAMUERRTest</name>
         <value>0x1aa4</value>
         <object_component_ref idref="oc-79"/>
      </symbol>
      <symbol id="sm-42a">
         <name>efcStuckZeroTest</name>
         <value>0x6e8</value>
         <object_component_ref idref="oc-79"/>
      </symbol>
      <symbol id="sm-453">
         <name>_c_int00</name>
         <value>0x49a0</value>
         <object_component_ref idref="oc-19"/>
      </symbol>
      <symbol id="sm-454">
         <name>handlePLLLockFail</name>
         <value>0x5494</value>
         <object_component_ref idref="oc-6d"/>
      </symbol>
      <symbol id="sm-4eb">
         <name>vimChannelMap</name>
         <value>0x3084</value>
         <object_component_ref idref="oc-34"/>
      </symbol>
      <symbol id="sm-4ec">
         <name>vimInit</name>
         <value>0x2fb0</value>
         <object_component_ref idref="oc-34"/>
      </symbol>
      <symbol id="sm-4ed">
         <name>vimEnableInterrupt</name>
         <value>0x3128</value>
         <object_component_ref idref="oc-34"/>
      </symbol>
      <symbol id="sm-4ee">
         <name>vimDisableInterrupt</name>
         <value>0x3280</value>
         <object_component_ref idref="oc-34"/>
      </symbol>
      <symbol id="sm-4ef">
         <name>vimGetConfigValue</name>
         <value>0x3304</value>
         <object_component_ref idref="oc-34"/>
      </symbol>
      <symbol id="sm-4f0">
         <name>vimParityErrorHandler</name>
         <value>0x4738</value>
         <object_component_ref idref="oc-33"/>
      </symbol>
      <symbol id="sm-544">
         <name>systemGetConfigValue</name>
         <value>0x2848</value>
         <object_component_ref idref="oc-73"/>
      </symbol>
      <symbol id="sm-545">
         <name>trimLPO</name>
         <value>0x2560</value>
         <object_component_ref idref="oc-73"/>
      </symbol>
      <symbol id="sm-546">
         <name>systemInit</name>
         <value>0x274c</value>
         <object_component_ref idref="oc-73"/>
      </symbol>
      <symbol id="sm-547">
         <name>customTrimLPO</name>
         <value>0x2ef0</value>
         <object_component_ref idref="oc-73"/>
      </symbol>
      <symbol id="sm-548">
         <name>tcmflashGetConfigValue</name>
         <value>0x2c08</value>
         <object_component_ref idref="oc-73"/>
      </symbol>
      <symbol id="sm-549">
         <name>sramGetConfigValue</name>
         <value>0x2db4</value>
         <object_component_ref idref="oc-73"/>
      </symbol>
      <symbol id="sm-54a">
         <name>periphInit</name>
         <value>0x2614</value>
         <object_component_ref idref="oc-73"/>
      </symbol>
      <symbol id="sm-54b">
         <name>setupFlash</name>
         <value>0x25d4</value>
         <object_component_ref idref="oc-73"/>
      </symbol>
      <symbol id="sm-54c">
         <name>setupPLL</name>
         <value>0x2510</value>
         <object_component_ref idref="oc-73"/>
      </symbol>
      <symbol id="sm-54d">
         <name>mapClocks</name>
         <value>0x2668</value>
         <object_component_ref idref="oc-73"/>
      </symbol>
      <symbol id="sm-54e">
         <name>systemPowerDown</name>
         <value>0x2818</value>
         <object_component_ref idref="oc-73"/>
      </symbol>
      <symbol id="sm-57c">
         <name>__TI_auto_init_nobinit_nopinit</name>
         <value>0x53e0</value>
         <object_component_ref idref="oc-ee"/>
      </symbol>
      <symbol id="sm-590">
         <name>__TI_zero_init_nomemset</name>
         <value>0x5448</value>
         <object_component_ref idref="oc-56"/>
      </symbol>
      <symbol id="sm-5a7">
         <name>__TI_decompress_none</name>
         <value>0x5468</value>
         <object_component_ref idref="oc-12"/>
      </symbol>
      <symbol id="sm-5ca">
         <name>__TI_decompress_lzss</name>
         <value>0x5350</value>
         <object_component_ref idref="oc-c"/>
      </symbol>
      <symbol id="sm-5d5">
         <name>C$$EXIT</name>
         <value>0x5488</value>
         <object_component_ref idref="oc-125"/>
      </symbol>
      <symbol id="sm-5d6">
         <name>abort</name>
         <value>0x5488</value>
         <object_component_ref idref="oc-125"/>
      </symbol>
      <symbol id="sm-5f0">
         <name>memcpy</name>
         <value>0x4bbc</value>
         <object_component_ref idref="oc-4a"/>
      </symbol>
      <symbol id="sm-5f1">
         <name>__aeabi_memcpy</name>
         <value>0x4bbc</value>
         <object_component_ref idref="oc-4a"/>
      </symbol>
      <symbol id="sm-5f2">
         <name>__aeabi_memcpy8</name>
         <value>0x4bbc</value>
         <object_component_ref idref="oc-4a"/>
      </symbol>
      <symbol id="sm-5f3">
         <name>__aeabi_memcpy4</name>
         <value>0x4bbc</value>
         <object_component_ref idref="oc-4a"/>
      </symbol>
      <symbol id="sm-5f5">
         <name>__TI_static_base__</name>
         <value>0x0</value>
      </symbol>
      <symbol id="sm-5f8">
         <name>SHT$$INIT_ARRAY$$Base</name>
         <value>0x0</value>
      </symbol>
      <symbol id="sm-5f9">
         <name>SHT$$INIT_ARRAY$$Limit</name>
         <value>0x0</value>
      </symbol>
      <symbol id="sm-5fa">
         <name>_system_post_cinit</name>
         <value>0x0</value>
      </symbol>
   </symbol_table>
   <title>Link successful</title>
</link_info>
